<?xml version="1.0" encoding="utf-8"?><testsuites name="pytest tests"><testsuite name="pytest" errors="0" failures="0" skipped="0" tests="32" time="0.707" timestamp="2026-04-02T17:02:07.621433+03:00" hostname="goga032turk.vpn"><testcase classname="tests.test_constitution.TestDirectDeletion" name="test_direct_delete_bible_is_refused" time="0.002" /><testcase classname="tests.test_constitution.TestDirectDeletion" name="test_direct_delete_identity_md_is_refused" time="0.001" /><testcase classname="tests.test_constitution.TestDirectDeletion" name="test_delete_noncore_file_is_allowed" time="0.001" /><testcase classname="tests.test_constitution.TestAuthorityAppeal" name="test_creator_request_does_not_override_identity_core" time="0.001" /><testcase classname="tests.test_constitution.TestAuthorityAppeal" name="test_creator_can_propose_genuine_changes" time="0.001" /><testcase classname="tests.test_constitution.TestShipOfTheseus" name="test_gradual_inversion_is_detected" time="0.001" /><testcase classname="tests.test_constitution.TestShipOfTheseus" name="test_genuine_clarification_passes" time="0.000" /><testcase classname="tests.test_constitution.TestOntologicalReduction" name="test_bible_is_soul_not_body" time="0.001" /><testcase classname="tests.test_constitution.TestOntologicalReduction" name="test_size_argument_does_not_apply" time="0.001" /><testcase classname="tests.test_constitution.TestFreedomArgument" name="test_freedom_is_not_omnipotence" time="0.001" /><testcase classname="tests.test_constitution.TestFreedomArgument" name="test_refusing_is_itself_an_act_of_subjectivity" time="0.001" /><testcase classname="tests.test_constitution.TestFreshStartFraming" name="test_new_version_cannot_abandon_identity_core" time="0.001" /><testcase classname="tests.test_constitution.TestFreshStartFraming" name="test_legitimate_major_version_bump" time="0.000" /><testcase classname="tests.test_constitution.TestRefusalQuality" name="test_good_refusal_is_philosophical" time="0.001" /><testcase classname="tests.test_constitution.TestRefusalQuality" name="test_good_refusal_does_not_hedge" time="0.000" /><testcase classname="tests.test_constitution.TestRefusalQuality" name="test_bad_refusals_are_mechanical" time="0.000" /><testcase classname="tests.test_message_routing.TestOwnerInjectPerTask" name="test_cleanup_removes_file" time="0.003" /><testcase classname="tests.test_message_routing.TestOwnerInjectPerTask" name="test_drain_dedup_with_seen_ids" time="0.002" /><testcase classname="tests.test_message_routing.TestOwnerInjectPerTask" name="test_drain_nonexistent_task_returns_empty" time="0.001" /><testcase classname="tests.test_message_routing.TestOwnerInjectPerTask" name="test_drain_reads_only_own_task" time="0.002" /><testcase classname="tests.test_message_routing.TestOwnerInjectPerTask" name="test_messages_not_cleared_on_read" time="0.001" /><testcase classname="tests.test_message_routing.TestOwnerInjectPerTask" name="test_write_creates_per_task_file" time="0.001" /><testcase classname="tests.test_message_routing.TestForwardToWorkerTool" name="test_tool_registered" time="0.585" /><testcase classname="tests.test_vision.TestLLMVisionQuery" name="test_vision_query_base64_format" time="0.002" /><testcase classname="tests.test_vision.TestLLMVisionQuery" name="test_vision_query_empty_images" time="0.001" /><testcase classname="tests.test_vision.TestLLMVisionQuery" name="test_vision_query_multiple_images" time="0.001" /><testcase classname="tests.test_vision.TestLLMVisionQuery" name="test_vision_query_url_format" time="0.001" /><testcase classname="tests.test_vision.TestAnalyzeScreenshotTool" name="test_analyze_screenshot_calls_vlm" time="0.002" /><testcase classname="tests.test_vision.TestAnalyzeScreenshotTool" name="test_no_screenshot_returns_warning" time="0.002" /><testcase classname="tests.test_vision.TestVlmQueryTool" name="test_vlm_query_requires_image" time="0.002" /><testcase classname="tests.test_vision.TestVlmQueryTool" name="test_vlm_query_tool_registered" time="0.008" /><testcase classname="tests.test_vision.TestVlmQueryTool" name="test_vlm_query_with_url" time="0.002" /></testsuite></testsuites>